// Jest Snapshot v1, https://goo.gl/fbAQLP

exports[`работа MobileClients 1`] = `
<tr>
  <td>
    Иван
  </td>
  <td>
    Иванов
  </td>
  <td>
    Петров
  </td>
  <td>
    200
  </td>
  <td>
    active
  </td>
  <td>
    <button
      onClick={[Function]}
      value="edit1"
    >
      Edit
    </button>
  </td>
  <td>
    <button
      onClick={[Function]}
      value="delete1"
    >
      Delete
    </button>
  </td>
</tr>
`;

exports[`работа MobileClients 2`] = `
<tr>
  <td>
    Иван
  </td>
  <td>
    Иванов
  </td>
  <td>
    Петров
  </td>
  <td>
    200
  </td>
  <td>
    active
  </td>
  <td>
    <button
      onClick={[Function]}
      value="edit1"
    >
      Edit
    </button>
  </td>
  <td>
    <button
      onClick={[Function]}
      value="delete1"
    >
      Delete
    </button>
  </td>
</tr>
`;

exports[`работа MobileClients 3`] = `
<tr>
  <td>
    Иван
  </td>
  <td>
    Иванов
  </td>
  <td>
    Петров
  </td>
  <td>
    200
  </td>
  <td>
    active
  </td>
  <td>
    <button
      onClick={[Function]}
      value="edit1"
    >
      Edit
    </button>
  </td>
  <td>
    <button
      onClick={[Function]}
      value="delete1"
    >
      Delete
    </button>
  </td>
</tr>
`;
