// Jest Snapshot v1, https://goo.gl/fbAQLP

exports[`работа MobileCompany 1`] = `
<div
  className="MobileCompany"
>
  <div>
    <button
      onClick={[Function]}
      value="all"
    >
      Все
    </button>
    <button
      onClick={[Function]}
      value="active"
    >
      Активные
    </button>
    <button
      onClick={[Function]}
      value="block"
    >
      Заблокированные
    </button>
  </div>
  <hr />
  <div>
    <table>
      <tbody>
        <tr>
          <th>
            Фамилия
          </th>
          <th>
            Имя
          </th>
          <th>
            Отчетво
          </th>
          <th>
            Баланс
          </th>
          <th>
            Статус
          </th>
          <th>
            Редактировать
          </th>
          <th>
            Удалить
          </th>
        </tr>
        <tr>
          <td>
            Иван
          </td>
          <td>
            Иванов
          </td>
          <td>
            Петров
          </td>
          <td>
            200
          </td>
          <td>
            active
          </td>
          <td>
            <button
              onClick={[Function]}
              value="edit1"
            >
              Edit
            </button>
          </td>
          <td>
            <button
              onClick={[Function]}
              value="delete1"
            >
              Delete
            </button>
          </td>
        </tr>
        <tr>
          <td>
            Сидоров
          </td>
          <td>
            Сидоров
          </td>
          <td>
            Сидоров
          </td>
          <td>
            250
          </td>
          <td>
            active
          </td>
          <td>
            <button
              onClick={[Function]}
              value="edit2"
            >
              Edit
            </button>
          </td>
          <td>
            <button
              onClick={[Function]}
              value="delete2"
            >
              Delete
            </button>
          </td>
        </tr>
        <tr>
          <td>
            Вася
          </td>
          <td>
            Рад
          </td>
          <td>
            Петров
          </td>
          <td>
            180
          </td>
          <td>
            active
          </td>
          <td>
            <button
              onClick={[Function]}
              value="edit3"
            >
              Edit
            </button>
          </td>
          <td>
            <button
              onClick={[Function]}
              value="delete3"
            >
              Delete
            </button>
          </td>
        </tr>
        <tr>
          <td>
            Оля
          </td>
          <td>
            Рад
          </td>
          <td>
            Петрова
          </td>
          <td>
            -280
          </td>
          <td>
            blocked
          </td>
          <td>
            <button
              onClick={[Function]}
              value="edit4"
            >
              Edit
            </button>
          </td>
          <td>
            <button
              onClick={[Function]}
              value="delete4"
            >
              Delete
            </button>
          </td>
        </tr>
      </tbody>
    </table>
  </div>
  <div>
    <button
      onClick={[Function]}
      value="add"
    >
      Добавить клиента
    </button>
  </div>
</div>
`;

exports[`работа MobileCompany 2`] = `
<div
  className="MobileCompany"
>
  <div>
    <button
      onClick={[Function]}
      value="all"
    >
      Все
    </button>
    <button
      onClick={[Function]}
      value="active"
    >
      Активные
    </button>
    <button
      onClick={[Function]}
      value="block"
    >
      Заблокированные
    </button>
  </div>
  <hr />
  <div>
    <table>
      <tbody>
        <tr>
          <th>
            Фамилия
          </th>
          <th>
            Имя
          </th>
          <th>
            Отчетво
          </th>
          <th>
            Баланс
          </th>
          <th>
            Статус
          </th>
          <th>
            Редактировать
          </th>
          <th>
            Удалить
          </th>
        </tr>
        <tr>
          <td>
            Иван
          </td>
          <td>
            Иванов
          </td>
          <td>
            Петров
          </td>
          <td>
            200
          </td>
          <td>
            active
          </td>
          <td>
            <button
              onClick={[Function]}
              value="edit1"
            >
              Edit
            </button>
          </td>
          <td>
            <button
              onClick={[Function]}
              value="delete1"
            >
              Delete
            </button>
          </td>
        </tr>
        <tr>
          <td>
            Сидоров
          </td>
          <td>
            Сидоров
          </td>
          <td>
            Сидоров
          </td>
          <td>
            250
          </td>
          <td>
            active
          </td>
          <td>
            <button
              onClick={[Function]}
              value="edit2"
            >
              Edit
            </button>
          </td>
          <td>
            <button
              onClick={[Function]}
              value="delete2"
            >
              Delete
            </button>
          </td>
        </tr>
        <tr>
          <td>
            Вася
          </td>
          <td>
            Рад
          </td>
          <td>
            Петров
          </td>
          <td>
            180
          </td>
          <td>
            active
          </td>
          <td>
            <button
              onClick={[Function]}
              value="edit3"
            >
              Edit
            </button>
          </td>
          <td>
            <button
              onClick={[Function]}
              value="delete3"
            >
              Delete
            </button>
          </td>
        </tr>
        <tr>
          <td>
            Оля
          </td>
          <td>
            Рад
          </td>
          <td>
            Петрова
          </td>
          <td>
            -280
          </td>
          <td>
            blocked
          </td>
          <td>
            <button
              onClick={[Function]}
              value="edit4"
            >
              Edit
            </button>
          </td>
          <td>
            <button
              onClick={[Function]}
              value="delete4"
            >
              Delete
            </button>
          </td>
        </tr>
      </tbody>
    </table>
  </div>
  <div>
    <button
      onClick={[Function]}
      value="add"
    >
      Добавить клиента
    </button>
  </div>
</div>
`;

exports[`работа MobileCompany 3`] = `
<div
  className="MobileCompany"
>
  <div>
    <button
      onClick={[Function]}
      value="all"
    >
      Все
    </button>
    <button
      onClick={[Function]}
      value="active"
    >
      Активные
    </button>
    <button
      onClick={[Function]}
      value="block"
    >
      Заблокированные
    </button>
  </div>
  <hr />
  <div>
    <table>
      <tbody>
        <tr>
          <th>
            Фамилия
          </th>
          <th>
            Имя
          </th>
          <th>
            Отчетво
          </th>
          <th>
            Баланс
          </th>
          <th>
            Статус
          </th>
          <th>
            Редактировать
          </th>
          <th>
            Удалить
          </th>
        </tr>
        <tr>
          <td>
            Иван
          </td>
          <td>
            Иванов
          </td>
          <td>
            Петров
          </td>
          <td>
            200
          </td>
          <td>
            active
          </td>
          <td>
            <button
              onClick={[Function]}
              value="edit1"
            >
              Edit
            </button>
          </td>
          <td>
            <button
              onClick={[Function]}
              value="delete1"
            >
              Delete
            </button>
          </td>
        </tr>
        <tr>
          <td>
            Сидоров
          </td>
          <td>
            Сидоров
          </td>
          <td>
            Сидоров
          </td>
          <td>
            250
          </td>
          <td>
            active
          </td>
          <td>
            <button
              onClick={[Function]}
              value="edit2"
            >
              Edit
            </button>
          </td>
          <td>
            <button
              onClick={[Function]}
              value="delete2"
            >
              Delete
            </button>
          </td>
        </tr>
        <tr>
          <td>
            Вася
          </td>
          <td>
            Рад
          </td>
          <td>
            Петров
          </td>
          <td>
            180
          </td>
          <td>
            active
          </td>
          <td>
            <button
              onClick={[Function]}
              value="edit3"
            >
              Edit
            </button>
          </td>
          <td>
            <button
              onClick={[Function]}
              value="delete3"
            >
              Delete
            </button>
          </td>
        </tr>
        <tr>
          <td>
            Оля
          </td>
          <td>
            Рад
          </td>
          <td>
            Петрова
          </td>
          <td>
            -280
          </td>
          <td>
            blocked
          </td>
          <td>
            <button
              onClick={[Function]}
              value="edit4"
            >
              Edit
            </button>
          </td>
          <td>
            <button
              onClick={[Function]}
              value="delete4"
            >
              Delete
            </button>
          </td>
        </tr>
      </tbody>
    </table>
  </div>
  <div>
    <button
      onClick={[Function]}
      value="add"
    >
      Добавить клиента
    </button>
  </div>
</div>
`;

exports[`работа MobileCompany 4`] = `
<div
  className="MobileCompany"
>
  <div>
    <button
      onClick={[Function]}
      value="all"
    >
      Все
    </button>
    <button
      onClick={[Function]}
      value="active"
    >
      Активные
    </button>
    <button
      onClick={[Function]}
      value="block"
    >
      Заблокированные
    </button>
  </div>
  <hr />
  <div>
    <table>
      <tbody>
        <tr>
          <th>
            Фамилия
          </th>
          <th>
            Имя
          </th>
          <th>
            Отчетво
          </th>
          <th>
            Баланс
          </th>
          <th>
            Статус
          </th>
          <th>
            Редактировать
          </th>
          <th>
            Удалить
          </th>
        </tr>
        <tr>
          <td>
            Иван
          </td>
          <td>
            Иванов
          </td>
          <td>
            Петров
          </td>
          <td>
            200
          </td>
          <td>
            active
          </td>
          <td>
            <button
              onClick={[Function]}
              value="edit1"
            >
              Edit
            </button>
          </td>
          <td>
            <button
              onClick={[Function]}
              value="delete1"
            >
              Delete
            </button>
          </td>
        </tr>
        <tr>
          <td>
            Сидоров
          </td>
          <td>
            Сидоров
          </td>
          <td>
            Сидоров
          </td>
          <td>
            250
          </td>
          <td>
            active
          </td>
          <td>
            <button
              onClick={[Function]}
              value="edit2"
            >
              Edit
            </button>
          </td>
          <td>
            <button
              onClick={[Function]}
              value="delete2"
            >
              Delete
            </button>
          </td>
        </tr>
        <tr>
          <td>
            Вася
          </td>
          <td>
            Рад
          </td>
          <td>
            Петров
          </td>
          <td>
            180
          </td>
          <td>
            active
          </td>
          <td>
            <button
              onClick={[Function]}
              value="edit3"
            >
              Edit
            </button>
          </td>
          <td>
            <button
              onClick={[Function]}
              value="delete3"
            >
              Delete
            </button>
          </td>
        </tr>
      </tbody>
    </table>
  </div>
  <div>
    <button
      onClick={[Function]}
      value="add"
    >
      Добавить клиента
    </button>
  </div>
</div>
`;

exports[`работа MobileCompany 5`] = `
<div
  className="MobileCompany"
>
  <div>
    <button
      onClick={[Function]}
      value="all"
    >
      Все
    </button>
    <button
      onClick={[Function]}
      value="active"
    >
      Активные
    </button>
    <button
      onClick={[Function]}
      value="block"
    >
      Заблокированные
    </button>
  </div>
  <hr />
  <div>
    <table>
      <tbody>
        <tr>
          <th>
            Фамилия
          </th>
          <th>
            Имя
          </th>
          <th>
            Отчетво
          </th>
          <th>
            Баланс
          </th>
          <th>
            Статус
          </th>
          <th>
            Редактировать
          </th>
          <th>
            Удалить
          </th>
        </tr>
        <tr>
          <td>
            Иван
          </td>
          <td>
            Иванов
          </td>
          <td>
            Петров
          </td>
          <td>
            200
          </td>
          <td>
            active
          </td>
          <td>
            <button
              onClick={[Function]}
              value="edit1"
            >
              Edit
            </button>
          </td>
          <td>
            <button
              onClick={[Function]}
              value="delete1"
            >
              Delete
            </button>
          </td>
        </tr>
        <tr>
          <td>
            Сидоров
          </td>
          <td>
            Сидоров
          </td>
          <td>
            Сидоров
          </td>
          <td>
            250
          </td>
          <td>
            active
          </td>
          <td>
            <button
              onClick={[Function]}
              value="edit2"
            >
              Edit
            </button>
          </td>
          <td>
            <button
              onClick={[Function]}
              value="delete2"
            >
              Delete
            </button>
          </td>
        </tr>
        <tr>
          <td>
            Вася
          </td>
          <td>
            Рад
          </td>
          <td>
            Петров
          </td>
          <td>
            180
          </td>
          <td>
            active
          </td>
          <td>
            <button
              onClick={[Function]}
              value="edit3"
            >
              Edit
            </button>
          </td>
          <td>
            <button
              onClick={[Function]}
              value="delete3"
            >
              Delete
            </button>
          </td>
        </tr>
      </tbody>
    </table>
  </div>
  <div>
    <button
      onClick={[Function]}
      value="add"
    >
      Добавить клиента
    </button>
  </div>
</div>
`;

exports[`работа MobileCompany 6`] = `
<div
  className="MobileCompany"
>
  <div>
    <button
      onClick={[Function]}
      value="all"
    >
      Все
    </button>
    <button
      onClick={[Function]}
      value="active"
    >
      Активные
    </button>
    <button
      onClick={[Function]}
      value="block"
    >
      Заблокированные
    </button>
  </div>
  <hr />
  <div>
    <table>
      <tbody>
        <tr>
          <th>
            Фамилия
          </th>
          <th>
            Имя
          </th>
          <th>
            Отчетво
          </th>
          <th>
            Баланс
          </th>
          <th>
            Статус
          </th>
          <th>
            Редактировать
          </th>
          <th>
            Удалить
          </th>
        </tr>
        <tr>
          <td>
            Оля
          </td>
          <td>
            Рад
          </td>
          <td>
            Петрова
          </td>
          <td>
            -280
          </td>
          <td>
            blocked
          </td>
          <td>
            <button
              onClick={[Function]}
              value="edit4"
            >
              Edit
            </button>
          </td>
          <td>
            <button
              onClick={[Function]}
              value="delete4"
            >
              Delete
            </button>
          </td>
        </tr>
      </tbody>
    </table>
  </div>
  <div>
    <button
      onClick={[Function]}
      value="add"
    >
      Добавить клиента
    </button>
  </div>
</div>
`;

exports[`работа MobileCompany 7`] = `
<div
  className="MobileCompany"
>
  <div>
    <button
      onClick={[Function]}
      value="all"
    >
      Все
    </button>
    <button
      onClick={[Function]}
      value="active"
    >
      Активные
    </button>
    <button
      onClick={[Function]}
      value="block"
    >
      Заблокированные
    </button>
  </div>
  <hr />
  <div>
    <table>
      <tbody>
        <tr>
          <th>
            Фамилия
          </th>
          <th>
            Имя
          </th>
          <th>
            Отчетво
          </th>
          <th>
            Баланс
          </th>
          <th>
            Статус
          </th>
          <th>
            Редактировать
          </th>
          <th>
            Удалить
          </th>
        </tr>
        <tr>
          <td>
            Оля
          </td>
          <td>
            Рад
          </td>
          <td>
            Петрова
          </td>
          <td>
            -280
          </td>
          <td>
            blocked
          </td>
          <td>
            <button
              onClick={[Function]}
              value="edit4"
            >
              Edit
            </button>
          </td>
          <td>
            <button
              onClick={[Function]}
              value="delete4"
            >
              Delete
            </button>
          </td>
        </tr>
      </tbody>
    </table>
  </div>
  <div>
    <button
      onClick={[Function]}
      value="add"
    >
      Добавить клиента
    </button>
  </div>
</div>
`;

exports[`работа MobileCompany 8`] = `
<div
  className="MobileCompany"
>
  <div>
    <button
      onClick={[Function]}
      value="all"
    >
      Все
    </button>
    <button
      onClick={[Function]}
      value="active"
    >
      Активные
    </button>
    <button
      onClick={[Function]}
      value="block"
    >
      Заблокированные
    </button>
  </div>
  <hr />
  <div>
    <table>
      <tbody>
        <tr>
          <th>
            Фамилия
          </th>
          <th>
            Имя
          </th>
          <th>
            Отчетво
          </th>
          <th>
            Баланс
          </th>
          <th>
            Статус
          </th>
          <th>
            Редактировать
          </th>
          <th>
            Удалить
          </th>
        </tr>
        <tr>
          <td>
            Иван
          </td>
          <td>
            Иванов
          </td>
          <td>
            Петров
          </td>
          <td>
            200
          </td>
          <td>
            active
          </td>
          <td>
            <button
              onClick={[Function]}
              value="edit1"
            >
              Edit
            </button>
          </td>
          <td>
            <button
              onClick={[Function]}
              value="delete1"
            >
              Delete
            </button>
          </td>
        </tr>
        <tr>
          <td>
            Сидоров
          </td>
          <td>
            Сидоров
          </td>
          <td>
            Сидоров
          </td>
          <td>
            250
          </td>
          <td>
            active
          </td>
          <td>
            <button
              onClick={[Function]}
              value="edit2"
            >
              Edit
            </button>
          </td>
          <td>
            <button
              onClick={[Function]}
              value="delete2"
            >
              Delete
            </button>
          </td>
        </tr>
        <tr>
          <td>
            Вася
          </td>
          <td>
            Рад
          </td>
          <td>
            Петров
          </td>
          <td>
            180
          </td>
          <td>
            active
          </td>
          <td>
            <button
              onClick={[Function]}
              value="edit3"
            >
              Edit
            </button>
          </td>
          <td>
            <button
              onClick={[Function]}
              value="delete3"
            >
              Delete
            </button>
          </td>
        </tr>
        <tr>
          <td>
            Оля
          </td>
          <td>
            Рад
          </td>
          <td>
            Петрова
          </td>
          <td>
            -280
          </td>
          <td>
            blocked
          </td>
          <td>
            <button
              onClick={[Function]}
              value="edit4"
            >
              Edit
            </button>
          </td>
          <td>
            <button
              onClick={[Function]}
              value="delete4"
            >
              Delete
            </button>
          </td>
        </tr>
      </tbody>
    </table>
  </div>
  <div>
    <button
      onClick={[Function]}
      value="add"
    >
      Добавить клиента
    </button>
  </div>
</div>
`;

exports[`работа MobileCompany 9`] = `
<div
  className="MobileCompany"
>
  <div>
    <button
      onClick={[Function]}
      value="all"
    >
      Все
    </button>
    <button
      onClick={[Function]}
      value="active"
    >
      Активные
    </button>
    <button
      onClick={[Function]}
      value="block"
    >
      Заблокированные
    </button>
  </div>
  <hr />
  <div>
    <table>
      <tbody>
        <tr>
          <th>
            Фамилия
          </th>
          <th>
            Имя
          </th>
          <th>
            Отчетво
          </th>
          <th>
            Баланс
          </th>
          <th>
            Статус
          </th>
          <th>
            Редактировать
          </th>
          <th>
            Удалить
          </th>
        </tr>
        <tr>
          <td>
            Иван
          </td>
          <td>
            Иванов
          </td>
          <td>
            Петров
          </td>
          <td>
            200
          </td>
          <td>
            active
          </td>
          <td>
            <button
              onClick={[Function]}
              value="edit1"
            >
              Edit
            </button>
          </td>
          <td>
            <button
              onClick={[Function]}
              value="delete1"
            >
              Delete
            </button>
          </td>
        </tr>
        <tr>
          <td>
            Сидоров
          </td>
          <td>
            Сидоров
          </td>
          <td>
            Сидоров
          </td>
          <td>
            250
          </td>
          <td>
            active
          </td>
          <td>
            <button
              onClick={[Function]}
              value="edit2"
            >
              Edit
            </button>
          </td>
          <td>
            <button
              onClick={[Function]}
              value="delete2"
            >
              Delete
            </button>
          </td>
        </tr>
        <tr>
          <td>
            Вася
          </td>
          <td>
            Рад
          </td>
          <td>
            Петров
          </td>
          <td>
            180
          </td>
          <td>
            active
          </td>
          <td>
            <button
              onClick={[Function]}
              value="edit3"
            >
              Edit
            </button>
          </td>
          <td>
            <button
              onClick={[Function]}
              value="delete3"
            >
              Delete
            </button>
          </td>
        </tr>
        <tr>
          <td>
            Оля
          </td>
          <td>
            Рад
          </td>
          <td>
            Петрова
          </td>
          <td>
            -280
          </td>
          <td>
            blocked
          </td>
          <td>
            <button
              onClick={[Function]}
              value="edit4"
            >
              Edit
            </button>
          </td>
          <td>
            <button
              onClick={[Function]}
              value="delete4"
            >
              Delete
            </button>
          </td>
        </tr>
      </tbody>
    </table>
  </div>
  <div>
    <div>
      <h2>
        Edit Client
      </h2>
      <p>
        ID:
        5
      </p>
      <p
        className=""
      >
        <label>
          Name
          <br />
           
          <input
            defaultValue=""
            name="name"
            type="text"
          />
        </label>
        <br />
        <span />
      </p>
      <p>
        <label>
          surname
          <br />
           
          <input
            defaultValue=""
            name="surname"
            type="text"
          />
        </label>
        <br />
        <span />
      </p>
      <p>
        <label>
          patronymic
          <br />
           
          <input
            defaultValue=""
            name="patronymic"
            type="text"
          />
        </label>
        <br />
        <span />
      </p>
      <p>
        <label>
          balance
          <br />
           
          <input
            defaultValue={0}
            name="balance"
            type="text"
          />
        </label>
        <br />
        <span />
      </p>
      <p>
        <input
          disabled={false}
          onClick={[Function]}
          type="button"
          value="Save"
        />
        <input
          onClick={[Function]}
          type="button"
          value="Cancel"
        />
      </p>
    </div>
  </div>
</div>
`;
